{"synthetic": false,
 "schemaVersion": "2025-09-10",
 "outputs":
 {"o": ["0013f23d11ac4648.olean"],
  "m": false,
  "i": "8e45a62ae58154f5.ilean",
  "c": "47d3b595bb41d9b2.c"},
 "log":
 [{"message":
   ".> LEAN_PATH=/Users/volodeyka/conductor/workspaces/loom2/thebes/pmf_loom_demo/.lake/packages/Cli/.lake/build/lib/lean:/Users/volodeyka/conductor/workspaces/loom2/thebes/pmf_loom_demo/.lake/packages/batteries/.lake/build/lib/lean:/Users/volodeyka/conductor/workspaces/loom2/thebes/pmf_loom_demo/.lake/packages/Qq/.lake/build/lib/lean:/Users/volodeyka/conductor/workspaces/loom2/thebes/pmf_loom_demo/.lake/packages/aesop/.lake/build/lib/lean:/Users/volodeyka/conductor/workspaces/loom2/thebes/pmf_loom_demo/.lake/packages/proofwidgets/.lake/build/lib/lean:/Users/volodeyka/conductor/workspaces/loom2/thebes/pmf_loom_demo/.lake/packages/importGraph/.lake/build/lib/lean:/Users/volodeyka/conductor/workspaces/loom2/thebes/pmf_loom_demo/.lake/packages/LeanSearchClient/.lake/build/lib/lean:/Users/volodeyka/conductor/workspaces/loom2/thebes/pmf_loom_demo/.lake/packages/plausible/.lake/build/lib/lean:/Users/volodeyka/conductor/workspaces/loom2/thebes/pmf_loom_demo/.lake/packages/mathlib/.lake/build/lib/lean:/Users/volodeyka/conductor/workspaces/loom2/thebes/.lake/build/lib/lean:/Users/volodeyka/conductor/workspaces/loom2/thebes/pmf_loom_demo/.lake/build/lib/lean /Users/volodeyka/.elan/toolchains/leanprover--lean4---v4.30.0-rc2/bin/lean -Dwarn.sorry=false --tstack=100000000 /Users/volodeyka/conductor/workspaces/loom2/thebes/pmf_loom_demo/PmfLoomDemo.lean -o /Users/volodeyka/conductor/workspaces/loom2/thebes/pmf_loom_demo/.lake/build/lib/lean/PmfLoomDemo.olean -i /Users/volodeyka/conductor/workspaces/loom2/thebes/pmf_loom_demo/.lake/build/lib/lean/PmfLoomDemo.ilean -c /Users/volodeyka/conductor/workspaces/loom2/thebes/pmf_loom_demo/.lake/build/ir/PmfLoomDemo.c --setup /Users/volodeyka/conductor/workspaces/loom2/thebes/pmf_loom_demo/.lake/build/ir/PmfLoomDemo.setup.json --json",
   "level": "trace"}],
 "inputs":
 [["PmfLoomDemo:deps",
   [["deps",
     [["pmf_loom_demo/PmfLoomDemo:extraDep",
       [["@pmf_loom_demo:extraDep", "00000000000006bb"]]],
      ["imports",
       [["PmfLoomDemo.PMF transitive imports (legacy)", "88ec06b27c122d00"],
        ["PmfLoomDemo.PMF:importAllArts", "07a86aa5df70ece6"]]]]],
    ["libs",
     [["import dynlibs",
       [["/Users/volodeyka/conductor/workspaces/loom2/thebes/.lake/build/lib/libloom2_Loom.dylib",
         "fd9f2f2dace95c22"]]],
      ["package external libraries", "00000000000006bb"],
      ["module dynlibs", "00000000000006bb"],
      ["module plugins", "00000000000006bb"]]]]],
  ["Lean 4.30.0, commit 3dc1a088b6d2d8eafe25a7cd7ec7b58d731bd7cc",
   "2c8d2623007dfc36"],
  ["/Users/volodeyka/conductor/workspaces/loom2/thebes/pmf_loom_demo/PmfLoomDemo.lean",
   "2e8a8b4c2ac9d6d7"],
  ["options", "00000000000006bb"],
  ["isModule: false", "feefd2a0d3a1847e"],
  ["Module.name: PmfLoomDemo", "04d26836cd46abf7"],
  ["Package.id?: (some pmf_loom_demo)", "696a446d2e1d0c66"],
  ["Module.leanArgs: #[-Dwarn.sorry=false, --tstack=100000000]",
   "6f2424ff5ca8215c"]],
 "depHash": "eca1054bdfc01fc9"}